"id","integer","float","timestamp"
"1","12","12.34","2021-09-01 06:48:55"
"2","34","45.56","2021-09-01 06:48:56"
"3","56","56.78","2021-09-01 06:48:57"
"4","","0",""
